(module
  (type (;0;) (func (param i32) (result i32)))
  (type (;1;) (func (param i32 i32 i32)))
  (import "$parent" "memory" (memory (;0;) 0))
  (module (;0;)
    (type (;0;) (func (param i32) (result i32)))
    (type (;1;) (func (param i32 i32) (result i32)))
    (func (;0;) (type 0) (param i32) (result i32)
      unreachable)
    (func (;1;) (type 0) (param i32) (result i32)
      unreachable)
    (func (;2;) (type 0) (param i32) (result i32)
      unreachable)
    (func (;3;) (type 0) (param i32) (result i32)
      unreachable)
    (func (;4;) (type 0) (param i32) (result i32)
      unreachable)
    (func (;5;) (type 0) (param i32) (result i32)
      unreachable)
    (func (;6;) (type 1) (param i32 i32) (result i32)
      unreachable)
    (memory (;0;) 1)
    (export "memory" (memory 0))
    (export "roundtrip-flag1" (func 0))
    (export "roundtrip-flag2" (func 1))
    (export "roundtrip-flag4" (func 2))
    (export "roundtrip-flag8" (func 3))
    (export "roundtrip-flag16" (func 4))
    (export "roundtrip-flag32" (func 5))
    (export "roundtrip-flag64" (func 6)))
  (instance (;1;)
    (instantiate 0))
  (alias 1 "memory" (memory (;1;)))
  (alias 1 "roundtrip-flag1" (func (;0;)))
  (alias 1 "roundtrip-flag2" (func (;1;)))
  (alias 1 "roundtrip-flag4" (func (;2;)))
  (alias 1 "roundtrip-flag8" (func (;3;)))
  (alias 1 "roundtrip-flag16" (func (;4;)))
  (alias 1 "roundtrip-flag32" (func (;5;)))
  (alias 1 "roundtrip-flag64" (func (;6;)))
  (func (;7;) (type 0) (param i32) (result i32)
    local.get 0
    call 0)
  (func (;8;) (type 0) (param i32) (result i32)
    local.get 0
    call 1)
  (func (;9;) (type 0) (param i32) (result i32)
    local.get 0
    call 2)
  (func (;10;) (type 0) (param i32) (result i32)
    local.get 0
    call 3)
  (func (;11;) (type 0) (param i32) (result i32)
    local.get 0
    call 4)
  (func (;12;) (type 0) (param i32) (result i32)
    local.get 0
    call 5)
  (func (;13;) (type 1) (param i32 i32 i32)
    (local i32)
    local.get 0
    local.get 1
    call 6
    local.set 3
    local.get 2
    local.get 3
    i32.const 8
    memory.copy 0 1)
  (export "memory" (memory 1))
  (export "roundtrip-flag1" (func 7))
  (export "roundtrip-flag2" (func 8))
  (export "roundtrip-flag4" (func 9))
  (export "roundtrip-flag8" (func 10))
  (export "roundtrip-flag16" (func 11))
  (export "roundtrip-flag32" (func 12))
  (export "roundtrip-flag64" (func 13)))
