(module
  (type (;0;) (func (param i32 i32)))
  (type (;1;) (func (param i32)))
  (type (;2;) (func (result i32)))
  (type (;3;) (func (param i32 i32 i32 i32 i32 i32)))
  (type (;4;) (func (param i32 i32 i32 i32) (result i32)))
  (import "$parent" "memory" (memory (;0;) 0))
  (import "$parent" "canonical_abi_realloc" (func (;0;) (type 4)))
  (module (;0;)
    (type (;0;) (func (param i32 i32 i32 i32) (result i32)))
    (type (;1;) (func (param i32 i32 i32)))
    (type (;2;) (func (param i32 i32)))
    (type (;3;) (func (result i32)))
    (type (;4;) (func))
    (type (;5;) (func (param i32)))
    (type (;6;) (func (param i32 i32 i32 i32 i32 i32)))
    (func (;0;) (type 0) (param i32 i32 i32 i32) (result i32)
      unreachable)
    (func (;1;) (type 1) (param i32 i32 i32)
      unreachable)
    (func (;2;) (type 2) (param i32 i32)
      unreachable)
    (func (;3;) (type 3) (result i32)
      unreachable)
    (func (;4;) (type 4)
      unreachable)
    (func (;5;) (type 4)
      unreachable)
    (func (;6;) (type 2) (param i32 i32)
      unreachable)
    (func (;7;) (type 3) (result i32)
      unreachable)
    (func (;8;) (type 5) (param i32)
      unreachable)
    (func (;9;) (type 3) (result i32)
      unreachable)
    (func (;10;) (type 6) (param i32 i32 i32 i32 i32 i32)
      unreachable)
    (func (;11;) (type 3) (result i32)
      unreachable)
    (memory (;0;) 0)
    (export "memory" (memory 0))
    (export "canonical_abi_realloc" (func 0))
    (export "canonical_abi_free" (func 1))
    (export "tuple-arg" (func 2))
    (export "tuple-result" (func 3))
    (export "empty-arg" (func 4))
    (export "empty-result" (func 5))
    (export "scalar-arg" (func 6))
    (export "scalar-result" (func 7))
    (export "flags-arg" (func 8))
    (export "flags-result" (func 9))
    (export "aggregate-arg" (func 10))
    (export "aggregate-result" (func 11)))
  (instance (;1;)
    (instantiate 0))
  (alias 1 "memory" (memory (;1;)))
  (alias 1 "canonical_abi_realloc" (func (;1;)))
  (alias 1 "canonical_abi_free" (func (;2;)))
  (alias 1 "tuple-arg" (func (;3;)))
  (alias 1 "tuple-result" (func (;4;)))
  (alias 1 "empty-arg" (func (;5;)))
  (alias 1 "empty-result" (func (;6;)))
  (alias 1 "scalar-arg" (func (;7;)))
  (alias 1 "scalar-result" (func (;8;)))
  (alias 1 "flags-arg" (func (;9;)))
  (alias 1 "flags-result" (func (;10;)))
  (alias 1 "aggregate-arg" (func (;11;)))
  (alias 1 "aggregate-result" (func (;12;)))
  (func (;13;) (type 0) (param i32 i32)
    local.get 0
    local.get 1
    call 3)
  (func (;14;) (type 1) (param i32)
    (local i32)
    call 4
    local.set 1
    local.get 0
    local.get 1
    i64.load (memory 1)
    i64.store
    local.get 0
    local.get 1
    i64.load (memory 1) offset=8
    i64.store offset=8)
  (func (;15;) (type 1) (param i32)
    (local i32)
    call 8
    local.set 1
    local.get 0
    local.get 1
    i64.load (memory 1)
    i64.store
    local.get 0
    local.get 1
    i64.load (memory 1) offset=8
    i64.store offset=8)
  (func (;16;) (type 1) (param i32)
    local.get 0
    call 9)
  (func (;17;) (type 2) (result i32)
    call 10)
  (func (;18;) (type 3) (param i32 i32 i32 i32 i32 i32)
    (local i32)
    block  ;; label = @1
      i32.const 0
      i32.const 0
      i32.const 1
      local.get 4
      call 1
      local.tee 6
      br_if 0 (;@1;)
      unreachable
    end
    local.get 6
    local.get 3
    local.get 4
    memory.copy 1 0
    local.get 0
    local.get 1
    local.get 2
    local.get 6
    local.get 4
    local.get 5
    call 11)
  (func (;19;) (type 1) (param i32)
    (local i32 i32 i32)
    call 12
    local.set 1
    local.get 0
    local.get 1
    i64.load (memory 1)
    i64.store
    local.get 0
    local.get 1
    i64.load (memory 1) offset=8
    i64.store offset=8
    local.get 0
    local.get 1
    i64.load (memory 1) offset=16
    i64.store offset=16
    local.get 0
    local.get 1
    i64.load (memory 1) offset=24
    i64.store offset=24
    local.get 0
    local.get 1
    i64.load (memory 1) offset=32
    i64.store offset=32
    local.get 0
    local.get 1
    i64.load (memory 1) offset=40
    i64.store offset=40
    local.get 1
    i32.load (memory 1) offset=24
    local.set 2
    block  ;; label = @1
      i32.const 0
      i32.const 0
      i32.const 1
      local.get 1
      i32.load (memory 1) offset=32
      call 0
      local.tee 3
      br_if 0 (;@1;)
      unreachable
    end
    local.get 3
    local.get 2
    local.get 1
    i32.load (memory 1) offset=32
    memory.copy 0 1
    local.get 0
    local.get 3
    i32.store offset=24
    local.get 1
    i32.load (memory 1) offset=24
    local.get 1
    i32.load (memory 1) offset=32
    i32.const 1
    call 2)
  (export "memory" (memory 1))
  (export "canonical_abi_realloc" (func 1))
  (export "canonical_abi_free" (func 2))
  (export "tuple-arg" (func 13))
  (export "tuple-result" (func 14))
  (export "empty-arg" (func 5))
  (export "empty-result" (func 6))
  (export "scalar-arg" (func 7))
  (export "scalar-result" (func 15))
  (export "flags-arg" (func 16))
  (export "flags-result" (func 17))
  (export "aggregate-arg" (func 18))
  (export "aggregate-result" (func 19)))
