(module
  (type (;0;) (func (param i32 i32) (result i32)))
  (type (;1;) (func (param i32 i32 i32)))
  (type (;2;) (func (param i32 i32)))
  (type (;3;) (func (result i32)))
  (type (;4;) (func (param i32 i32 i32 i32) (result i32)))
  (type (;5;) (func (param i32 i32) (result i64)))
  (import "$parent" "memory" (memory (;0;) 0))
  (import "$parent" "canonical_abi_realloc" (func (;0;) (type 4)))
  (import "$runtime" "resource_insert" (func (;1;) (type 0)))
  (import "$runtime" "resource_get" (func (;2;) (type 0)))
  (import "$runtime" "resource_clone" (func (;3;) (type 0)))
  (import "$runtime" "resource_remove" (func (;4;) (type 5)))
  (module (;0;)
    (type (;0;) (func (param i32 i32 i32 i32) (result i32)))
    (type (;1;) (func (param i32 i32 i32)))
    (type (;2;) (func (param i32)))
    (type (;3;) (func (param i32 i32) (result i32)))
    (type (;4;) (func (param i32) (result i32)))
    (type (;5;) (func (result i32)))
    (func (;0;) (type 0) (param i32 i32 i32 i32) (result i32)
      unreachable)
    (func (;1;) (type 1) (param i32 i32 i32)
      unreachable)
    (func (;2;) (type 2) (param i32)
      unreachable)
    (func (;3;) (type 3) (param i32 i32) (result i32)
      unreachable)
    (func (;4;) (type 3) (param i32 i32) (result i32)
      unreachable)
    (func (;5;) (type 4) (param i32) (result i32)
      unreachable)
    (func (;6;) (type 3) (param i32 i32) (result i32)
      unreachable)
    (func (;7;) (type 5) (result i32)
      unreachable)
    (memory (;0;) 0)
    (export "memory" (memory 0))
    (export "canonical_abi_realloc" (func 0))
    (export "canonical_abi_free" (func 1))
    (export "canonical_abi_drop_x" (func 2))
    (export "acquire_an_x" (func 3))
    (export "acquire_lots_of_x" (func 4))
    (export "receive_an_x" (func 5))
    (export "receive_lots_of_x" (func 6))
    (export "all_dropped" (func 7)))
  (module (;1;)
    (type (;0;) (func (param i32) (result i32)))
    (type (;1;) (func (param i32)))
    (type (;2;) (func (param i32 i32) (result i32)))
    (type (;3;) (func (param i32 i32) (result i64)))
    (import "$runtime" "resource_insert" (func (;0;) (type 2)))
    (import "$runtime" "resource_get" (func (;1;) (type 2)))
    (import "$runtime" "resource_clone" (func (;2;) (type 2)))
    (import "$runtime" "resource_remove" (func (;3;) (type 3)))
    (func (;4;) (type 0) (param i32) (result i32)
      i32.const 0
      local.get 0
      call 0)
    (func (;5;) (type 0) (param i32) (result i32)
      i32.const 0
      local.get 0
      call 1)
    (func (;6;) (type 0) (param i32) (result i32)
      i32.const 0
      local.get 0
      call 2)
    (func (;7;) (type 1) (param i32)
      (local i64)
      i32.const 0
      local.get 0
      call 3
      local.tee 1
      i64.const 32
      i64.shr_u
      i32.wrap_i64
      br_if 0 (;@0;)
      local.get 1
      i32.wrap_i64
      i32.const 0
      call_indirect (type 1))
    (table (;0;) 1 1 funcref)
    (export "resource_new_x" (func 4))
    (export "resource_get_x" (func 5))
    (export "resource_clone_x" (func 6))
    (export "resource_drop_x" (func 7))
    (export "$funcs" (table 0)))
  (instance (;2;)
    (instantiate 1
      (import "$runtime" (instance 1))))
  (instance (;3;)
    (instantiate 0
      (import "canonical_abi" (instance 2))))
  (alias 3 "memory" (memory (;1;)))
  (alias 3 "canonical_abi_realloc" (func (;5;)))
  (alias 3 "canonical_abi_free" (func (;6;)))
  (alias 3 "acquire_an_x" (func (;7;)))
  (alias 3 "acquire_lots_of_x" (func (;8;)))
  (alias 3 "receive_an_x" (func (;9;)))
  (alias 3 "receive_lots_of_x" (func (;10;)))
  (alias 3 "all_dropped" (func (;11;)))
  (alias 2 "$funcs" (table (;0;)))
  (alias 2 "resource_new_x" (func (;12;)))
  (alias 2 "resource_get_x" (func (;13;)))
  (alias 2 "resource_clone_x" (func (;14;)))
  (alias 2 "resource_drop_x" (func (;15;)))
  (alias 3 "canonical_abi_drop_x" (func (;16;)))
  (func (;17;) (type 0) (param i32 i32) (result i32)
    (local i32 i32)
    block  ;; label = @1
      i32.const 0
      i32.const 0
      i32.const 1
      local.get 1
      call 5
      local.tee 2
      br_if 0 (;@1;)
      unreachable
    end
    local.get 2
    local.get 0
    local.get 1
    memory.copy 1 0
    local.get 2
    local.get 1
    call 7
    local.set 3
    local.get 3
    call 13
    drop
    local.get 3)
  (func (;18;) (type 1) (param i32 i32 i32)
    (local i32 i32 i32 i32 i32 i32 i32 i32)
    block  ;; label = @1
      i32.const 0
      i32.const 0
      i32.const 4
      local.get 1
      i32.const 8
      i32.mul
      call 5
      local.tee 3
      br_if 0 (;@1;)
      unreachable
    end
    local.get 3
    local.get 0
    local.get 1
    i32.const 8
    i32.mul
    memory.copy 1 0
    i32.const 0
    local.set 4
    block  ;; label = @1
      loop  ;; label = @2
        local.get 1
        local.get 4
        i32.eq
        br_if 1 (;@1;)
        local.get 0
        local.get 4
        i32.const 8
        i32.mul
        i32.add
        i32.load
        local.set 5
        block  ;; label = @3
          i32.const 0
          i32.const 0
          i32.const 1
          local.get 0
          local.get 4
          i32.const 8
          i32.mul
          i32.add
          i32.load offset=4
          call 5
          local.tee 6
          br_if 0 (;@3;)
          unreachable
        end
        local.get 6
        local.get 5
        local.get 0
        local.get 4
        i32.const 8
        i32.mul
        i32.add
        i32.load offset=4
        memory.copy 1 0
        local.get 3
        local.get 4
        i32.const 8
        i32.mul
        i32.add
        local.get 6
        i32.store (memory 1)
        local.get 4
        i32.const 1
        i32.add
        local.set 4
        br 0 (;@2;)
      end
    end
    local.get 3
    local.get 1
    call 8
    local.set 7
    local.get 2
    local.get 7
    i64.load (memory 1)
    i64.store
    local.get 2
    local.get 7
    i64.load (memory 1) offset=8
    i64.store offset=8
    local.get 7
    i32.load (memory 1)
    local.set 8
    block  ;; label = @1
      i32.const 0
      i32.const 0
      i32.const 4
      local.get 7
      i32.load (memory 1) offset=8
      i32.const 4
      i32.mul
      call 0
      local.tee 9
      br_if 0 (;@1;)
      unreachable
    end
    local.get 9
    local.get 8
    local.get 7
    i32.load (memory 1) offset=8
    i32.const 4
    i32.mul
    memory.copy 0 1
    local.get 2
    local.get 9
    i32.store
    i32.const 0
    local.set 10
    block  ;; label = @1
      loop  ;; label = @2
        local.get 7
        i32.load (memory 1) offset=8
        local.get 10
        i32.eq
        br_if 1 (;@1;)
        local.get 8
        local.get 10
        i32.const 4
        i32.mul
        i32.add
        i32.load (memory 1)
        call 13
        drop
        local.get 10
        i32.const 1
        i32.add
        local.set 10
        br 0 (;@2;)
      end
    end
    local.get 7
    i32.load (memory 1)
    local.get 7
    i32.load (memory 1) offset=8
    i32.const 4
    i32.mul
    i32.const 4
    call 6)
  (func (;19;) (type 2) (param i32 i32)
    (local i32 i32 i32 i32)
    local.get 0
    call 14
    local.set 2
    local.get 2
    call 9
    local.set 3
    local.get 1
    local.get 3
    i64.load (memory 1)
    i64.store
    local.get 1
    local.get 3
    i64.load (memory 1) offset=8
    i64.store offset=8
    local.get 3
    i32.load (memory 1)
    local.set 4
    block  ;; label = @1
      i32.const 0
      i32.const 0
      i32.const 1
      local.get 3
      i32.load (memory 1) offset=8
      call 0
      local.tee 5
      br_if 0 (;@1;)
      unreachable
    end
    local.get 5
    local.get 4
    local.get 3
    i32.load (memory 1) offset=8
    memory.copy 0 1
    local.get 1
    local.get 5
    i32.store
    local.get 3
    i32.load (memory 1)
    local.get 3
    i32.load (memory 1) offset=8
    i32.const 1
    call 6)
  (func (;20;) (type 1) (param i32 i32 i32)
    (local i32 i32 i32 i32 i32 i32 i32 i32 i32)
    block  ;; label = @1
      i32.const 0
      i32.const 0
      i32.const 4
      local.get 1
      i32.const 4
      i32.mul
      call 5
      local.tee 3
      br_if 0 (;@1;)
      unreachable
    end
    local.get 3
    local.get 0
    local.get 1
    i32.const 4
    i32.mul
    memory.copy 1 0
    i32.const 0
    local.set 4
    block  ;; label = @1
      loop  ;; label = @2
        local.get 1
        local.get 4
        i32.eq
        br_if 1 (;@1;)
        local.get 0
        local.get 4
        i32.const 4
        i32.mul
        i32.add
        i32.load
        call 14
        local.set 5
        local.get 3
        local.get 4
        i32.const 4
        i32.mul
        i32.add
        local.get 5
        i32.store (memory 1)
        local.get 4
        i32.const 1
        i32.add
        local.set 4
        br 0 (;@2;)
      end
    end
    local.get 3
    local.get 1
    call 10
    local.set 6
    local.get 2
    local.get 6
    i64.load (memory 1)
    i64.store
    local.get 2
    local.get 6
    i64.load (memory 1) offset=8
    i64.store offset=8
    local.get 6
    i32.load (memory 1)
    local.set 7
    block  ;; label = @1
      i32.const 0
      i32.const 0
      i32.const 4
      local.get 6
      i32.load (memory 1) offset=8
      i32.const 8
      i32.mul
      call 0
      local.tee 8
      br_if 0 (;@1;)
      unreachable
    end
    local.get 8
    local.get 7
    local.get 6
    i32.load (memory 1) offset=8
    i32.const 8
    i32.mul
    memory.copy 0 1
    local.get 2
    local.get 8
    i32.store
    i32.const 0
    local.set 9
    block  ;; label = @1
      loop  ;; label = @2
        local.get 6
        i32.load (memory 1) offset=8
        local.get 9
        i32.eq
        br_if 1 (;@1;)
        local.get 7
        local.get 9
        i32.const 8
        i32.mul
        i32.add
        i32.load (memory 1)
        local.set 10
        block  ;; label = @3
          i32.const 0
          i32.const 0
          i32.const 1
          local.get 7
          local.get 9
          i32.const 8
          i32.mul
          i32.add
          i32.load (memory 1) offset=4
          call 0
          local.tee 11
          br_if 0 (;@3;)
          unreachable
        end
        local.get 11
        local.get 10
        local.get 7
        local.get 9
        i32.const 8
        i32.mul
        i32.add
        i32.load (memory 1) offset=4
        memory.copy 0 1
        local.get 8
        local.get 9
        i32.const 8
        i32.mul
        i32.add
        local.get 11
        i32.store
        local.get 7
        local.get 9
        i32.const 8
        i32.mul
        i32.add
        i32.load (memory 1)
        local.get 7
        local.get 9
        i32.const 8
        i32.mul
        i32.add
        i32.load (memory 1) offset=4
        i32.const 1
        call 6
        local.get 9
        i32.const 1
        i32.add
        local.set 9
        br 0 (;@2;)
      end
    end
    local.get 6
    i32.load (memory 1)
    local.get 6
    i32.load (memory 1) offset=8
    i32.const 8
    i32.mul
    i32.const 4
    call 6)
  (func (;21;) (type 3) (result i32)
    call 11)
  (export "memory" (memory 1))
  (export "canonical_abi_realloc" (func 5))
  (export "canonical_abi_free" (func 6))
  (export "acquire_an_x" (func 17))
  (export "acquire_lots_of_x" (func 18))
  (export "receive_an_x" (func 19))
  (export "receive_lots_of_x" (func 20))
  (export "all_dropped" (func 21))
  (export "resource_clone_x" (func 14))
  (export "resource_drop_x" (func 15))
  (elem (;0;) (i32.const 0) funcref (ref.func 16)))