(module
  (type (;0;) (func (param i32 i32 i32)))
  (import "$parent" "memory" (memory (;0;) 0))
  (module (;0;)
    (type (;0;) (func (param i32 i32) (result i32)))
    (func (;0;) (type 0) (param i32 i32) (result i32)
      unreachable)
    (memory (;0;) 0)
    (export "memory" (memory 0))
    (export "f1" (func 0)))
  (instance (;1;)
    (instantiate 0))
  (alias 1 "memory" (memory (;1;)))
  (alias 1 "f1" (func (;0;)))
  (func (;1;) (type 0) (param i32 i32 i32)
    (local i32)
    local.get 0
    local.get 1
    call 0
    local.set 3
    local.get 2
    local.get 3
    i32.const 8
    memory.copy 0 1)
  (export "memory" (memory 1))
  (export "f1" (func 1)))
